uv run python -m src.cli.score_predictions
2026-08-11 22:56:02,254 - src.utils.logging_config - INFO - Logging configured: level=INFO, log_file=None
2026-08-11 22:56:02,259 - src.monitoring.scoring - INFO - Loaded 12 prediction(s) from upcoming_games_predictions.csv
2026-08-11 22:56:02,339 - src.monitoring.scoring - INFO - Loaded 72625 outcomes from games_updated_history.csv (skipped 3 not played)
2026-08-11 22:56:02,342 - src.monitoring.scoring - INFO - Loaded 6 outcomes not yet appended to history
2026-08-11 22:56:02,358 - src.monitoring.scoring - INFO - Wrote 12 scored game(s) to /Users/felipeformenti/dev/fformenti/nba_bets/data/predictions/prediction_scored_games.csv
2026-08-11 22:56:02,359 - src.monitoring.scoring - INFO - Wrote scorecard to /Users/felipeformenti/dev/fformenti/nba_bets/data/predictions/prediction_scorecard.csv
2026-08-11 22:56:02,359 - src.monitoring.scoring - INFO - Live accuracy: 33.3% over 12 played game(s)
2026-08-11 22:56:02,360 - __main__ - INFO - 
     scope     group  n_games  accuracy  brier_score      ece
   overall       all       12    0.3333     0.368466 0.411270
  last_100       all       12    0.3333     0.368466 0.411270
    season   2025/26       12    0.3333     0.368466 0.411270
conference       all        6    0.3333     0.372470 0.412799
conference different        4    0.5000     0.284756 0.339806
conference      same        2    0.0000     0.523874 0.716384
2026/08/11 22:56:03 INFO alembic.runtime.plugins: setup plugin alembic.autogenerate.schemas
2026/08/11 22:56:03 INFO alembic.runtime.plugins: setup plugin alembic.autogenerate.tables
2026/08/11 22:56:03 INFO alembic.runtime.plugins: setup plugin alembic.autogenerate.types
2026/08/11 22:56:03 INFO alembic.runtime.plugins: setup plugin alembic.autogenerate.constraints
2026/08/11 22:56:03 INFO alembic.runtime.plugins: setup plugin alembic.autogenerate.defaults
2026/08/11 22:56:03 INFO alembic.runtime.plugins: setup plugin alembic.autogenerate.comments
2026/08/11 22:56:03 INFO mlflow.store.db.utils: Creating initial MLflow database tables...
2026/08/11 22:56:03 INFO mlflow.store.db.utils: Updating database tables
2026/08/11 22:56:03 INFO alembic.runtime.migration: Context impl SQLiteImpl.
2026/08/11 22:56:03 INFO alembic.runtime.migration: Will assume non-transactional DDL.
2026/08/11 22:56:03 INFO alembic.runtime.migration: Context impl SQLiteImpl.
2026/08/11 22:56:03 INFO alembic.runtime.migration: Will assume non-transactional DDL.
2026-08-11 22:56:03,915 - src.ml.tracking.mlflow_tracker - INFO - Using existing MLflow experiment: nba_bets_monitoring (ID: 7)
2026-08-11 22:56:04,063 - src.ml.tracking.mlflow_tracker - INFO - Started MLflow run: a2481132e2cd4743942d1876969c5bc0
2026-08-11 22:56:04,112 - src.ml.tracking.mlflow_tracker - INFO - Ended MLflow run: a2481132e2cd4743942d1876969c5bc0
2026-08-11 22:56:04,112 - src.monitoring.scoring - INFO - Logged scorecard to MLflow experiment 'nba_bets_monitoring'
