uv run python -m src.cli.score_predictions
2026-08-12 00:13:15,947 - src.utils.logging_config - INFO - Logging configured: level=INFO, log_file=None
2026-08-12 00:13:15,948 - src.monitoring.scoring - INFO - Loaded 26 prediction(s) from upcoming_games_predictions.csv
2026-08-12 00:13:16,005 - src.monitoring.scoring - INFO - Loaded 72625 outcomes from games_updated_history.csv (skipped 3 not played)
2026-08-12 00:13:16,007 - src.monitoring.scoring - INFO - Loaded 6 outcomes not yet appended to history
2026-08-12 00:13:16,013 - src.monitoring.scoring - INFO - 14 prediction(s) have no outcome yet; excluded
2026-08-12 00:13:16,018 - src.monitoring.scoring - INFO - Wrote 12 scored game(s) to /Users/felipeformenti/dev/fformenti/nba_bets/data/predictions/prediction_scored_games.csv
2026-08-12 00:13:16,019 - src.monitoring.scoring - INFO - Wrote scorecard to /Users/felipeformenti/dev/fformenti/nba_bets/data/predictions/prediction_scorecard.csv
2026-08-12 00:13:16,019 - src.monitoring.scoring - INFO - Live accuracy: 33.3% over 12 played game(s)
2026-08-12 00:13:16,020 - __main__ - INFO - 
     scope     group  n_games  accuracy  brier_score      ece
   overall       all       12    0.3333     0.370652 0.408997
  last_100       all       12    0.3333     0.370652 0.408997
    season   2025/26       12    0.3333     0.370652 0.408997
conference       all        6    0.3333     0.368912 0.401034
conference different        4    0.5000     0.277571 0.332895
conference      same        2    0.0000     0.562034 0.745666
2026/08/12 00:13:16 INFO alembic.runtime.plugins: setup plugin alembic.autogenerate.schemas
2026/08/12 00:13:16 INFO alembic.runtime.plugins: setup plugin alembic.autogenerate.tables
2026/08/12 00:13:16 INFO alembic.runtime.plugins: setup plugin alembic.autogenerate.types
2026/08/12 00:13:16 INFO alembic.runtime.plugins: setup plugin alembic.autogenerate.constraints
2026/08/12 00:13:16 INFO alembic.runtime.plugins: setup plugin alembic.autogenerate.defaults
2026/08/12 00:13:16 INFO alembic.runtime.plugins: setup plugin alembic.autogenerate.comments
2026/08/12 00:13:16 INFO mlflow.store.db.utils: Creating initial MLflow database tables...
2026/08/12 00:13:16 INFO mlflow.store.db.utils: Updating database tables
2026/08/12 00:13:16 INFO alembic.runtime.migration: Context impl SQLiteImpl.
2026/08/12 00:13:16 INFO alembic.runtime.migration: Will assume non-transactional DDL.
2026/08/12 00:13:16 INFO alembic.runtime.migration: Context impl SQLiteImpl.
2026/08/12 00:13:16 INFO alembic.runtime.migration: Will assume non-transactional DDL.
2026-08-12 00:13:16,950 - src.ml.tracking.mlflow_tracker - INFO - Using existing MLflow experiment: nba_bets_monitoring (ID: 7)
2026-08-12 00:13:17,032 - src.ml.tracking.mlflow_tracker - INFO - Started MLflow run: 78906d6e100848cfb3f103ca7e2f945e
2026-08-12 00:13:17,068 - src.ml.tracking.mlflow_tracker - INFO - Ended MLflow run: 78906d6e100848cfb3f103ca7e2f945e
2026-08-12 00:13:17,069 - src.monitoring.scoring - INFO - Logged scorecard to MLflow experiment 'nba_bets_monitoring'
