uv run python -m src.cli.ingest_raw_games
2026-08-12 00:10:05,431 - src.utils.logging_config - INFO - Logging configured: level=INFO, log_file=None
2026-08-12 00:10:05,431 - src.utils.logging_config - INFO - Logging configured: level=INFO, log_file=None
2026-08-12 00:10:05,695 - src.etl.ingestion.raw_games - INFO - Parsed 72628 games from /Users/felipeformenti/dev/fformenti/nba_bets/data/raw/historical/games/Games.csv
2026-08-12 00:10:05,695 - src.etl.ingestion.raw_games - INFO - No history table at /Users/felipeformenti/dev/fformenti/nba_bets/data/ingested/games_updated_history.csv yet; creating it
2026-08-12 00:10:06,099 - src.etl.ingestion.raw_games - INFO - Saved 72628 games to /Users/felipeformenti/dev/fformenti/nba_bets/data/ingested/games_updated_history.csv
uv run python -m src.cli.process_ingested_games
2026-08-12 00:10:06,387 - src.utils.logging_config - INFO - Logging configured: level=INFO, log_file=None
2026-08-12 00:10:06,387 - src.utils.logging_config - INFO - Logging configured: level=INFO, log_file=None
2026-08-12 00:10:06,949 - src.etl.process_ingested_games - INFO - Saved 66033 regular season games to /Users/felipeformenti/dev/fformenti/nba_bets/data/processed/regular_season/games.csv
uv run python -m src.cli.build_features --config configs/features.yaml
2026-08-12 00:10:07,350 - src.utils.logging_config - INFO - Logging configured: level=INFO, log_file=None
2026-08-12 00:10:07,351 - src.utils.logging_config - INFO - Logging configured: level=INFO, log_file=None
2026-08-12 00:10:07,480 - src.ml.config.loader - INFO - Loaded configuration from /Users/felipeformenti/dev/fformenti/nba_bets/configs/features.yaml
2026-08-12 00:10:07,480 - src.etl.make_features - INFO - 
[Step 1/4] Adding neutral court game flag and conference information...
2026-08-12 00:10:07,852 - src.etl.make_features - INFO - ✓ Added conference information to 66033 games
2026-08-12 00:10:07,853 - src.etl.make_features - INFO - 
[Step 2/4] Creating feature tables...
2026-08-12 00:10:11,935 - src.etl.features.rest_days - WARNING - Rest days: clamping league-stoppage outliers (days_at_home>30: 1771 rows -> 30, days_on_road>30: 1808 rows -> 1)
2026-08-12 00:10:12,122 - src.etl.features.distances - WARNING - Season 1950/51: 23 team-day(s) have no known location; distance recorded as 0. Check the team-season coverage of TeamsHistoriesLocationsNBALookUpTable.csv.
2026-08-12 00:10:12,134 - src.etl.features.distances - WARNING - Season 1951/52: 22 team-day(s) have no known location; distance recorded as 0. Check the team-season coverage of TeamsHistoriesLocationsNBALookUpTable.csv.
2026-08-12 00:10:12,146 - src.etl.features.distances - WARNING - Season 1952/53: 19 team-day(s) have no known location; distance recorded as 0. Check the team-season coverage of TeamsHistoriesLocationsNBALookUpTable.csv.
2026-08-12 00:10:12,157 - src.etl.features.distances - WARNING - Season 1953/54: 6 team-day(s) have no known location; distance recorded as 0. Check the team-season coverage of TeamsHistoriesLocationsNBALookUpTable.csv.
2026-08-12 00:10:12,169 - src.etl.features.distances - WARNING - Season 1954/55: 33 team-day(s) have no known location; distance recorded as 0. Check the team-season coverage of TeamsHistoriesLocationsNBALookUpTable.csv.
2026-08-12 00:10:12,181 - src.etl.features.distances - WARNING - Season 1955/56: 15 team-day(s) have no known location; distance recorded as 0. Check the team-season coverage of TeamsHistoriesLocationsNBALookUpTable.csv.
2026-08-12 00:10:12,192 - src.etl.features.distances - WARNING - Season 1956/57: 23 team-day(s) have no known location; distance recorded as 0. Check the team-season coverage of TeamsHistoriesLocationsNBALookUpTable.csv.
2026-08-12 00:10:12,204 - src.etl.features.distances - WARNING - Season 1957/58: 2 team-day(s) have no known location; distance recorded as 0. Check the team-season coverage of TeamsHistoriesLocationsNBALookUpTable.csv.
2026-08-12 00:10:12,216 - src.etl.features.distances - WARNING - Season 1958/59: 7 team-day(s) have no known location; distance recorded as 0. Check the team-season coverage of TeamsHistoriesLocationsNBALookUpTable.csv.
2026-08-12 00:10:12,228 - src.etl.features.distances - WARNING - Season 1959/60: 29 team-day(s) have no known location; distance recorded as 0. Check the team-season coverage of TeamsHistoriesLocationsNBALookUpTable.csv.
2026-08-12 00:10:12,240 - src.etl.features.distances - WARNING - Season 1960/61: 15 team-day(s) have no known location; distance recorded as 0. Check the team-season coverage of TeamsHistoriesLocationsNBALookUpTable.csv.
2026-08-12 00:10:12,252 - src.etl.features.distances - WARNING - Season 1961/62: 6 team-day(s) have no known location; distance recorded as 0. Check the team-season coverage of TeamsHistoriesLocationsNBALookUpTable.csv.
2026-08-12 00:10:12,264 - src.etl.features.distances - WARNING - Season 1962/63: 36 team-day(s) have no known location; distance recorded as 0. Check the team-season coverage of TeamsHistoriesLocationsNBALookUpTable.csv.
2026-08-12 00:10:12,277 - src.etl.features.distances - WARNING - Season 1963/64: 14 team-day(s) have no known location; distance recorded as 0. Check the team-season coverage of TeamsHistoriesLocationsNBALookUpTable.csv.
2026-08-12 00:10:12,289 - src.etl.features.distances - WARNING - Season 1964/65: 12 team-day(s) have no known location; distance recorded as 0. Check the team-season coverage of TeamsHistoriesLocationsNBALookUpTable.csv.
2026-08-12 00:10:12,302 - src.etl.features.distances - WARNING - Season 1965/66: 20 team-day(s) have no known location; distance recorded as 0. Check the team-season coverage of TeamsHistoriesLocationsNBALookUpTable.csv.
2026-08-12 00:10:12,314 - src.etl.features.distances - WARNING - Season 1966/67: 6 team-day(s) have no known location; distance recorded as 0. Check the team-season coverage of TeamsHistoriesLocationsNBALookUpTable.csv.
2026-08-12 00:10:12,328 - src.etl.features.distances - WARNING - Season 1967/68: 2 team-day(s) have no known location; distance recorded as 0. Check the team-season coverage of TeamsHistoriesLocationsNBALookUpTable.csv.
2026-08-12 00:10:20,963 - src.etl.features.playoff_standings - INFO - Season 2025/26: 82 games per team scheduled, 45 observed — using the schedule, so games_remaining reflects the real season.
2026-08-12 00:12:21,207 - src.etl.make_features - INFO - ✓ Created all feature tables
2026-08-12 00:12:21,208 - src.etl.make_features - INFO - 
[Step 3/3] Merging features into final table...
2026-08-12 00:12:33,211 - src.etl.make_features - INFO - ✓ Created final features table with 66033 rows
2026-08-12 00:12:33,212 - src.etl.make_features - INFO - ✓ Saved to: /Users/felipeformenti/dev/fformenti/nba_bets/data/processed/regular_season/games_features.csv
